// Jest Snapshot v1, https://goo.gl/fbAQLP

exports[`renders correctly 1`] = `
<RNCSafeAreaProvider
  onInsetsChange={[Function]}
  style={
    [
      {
        "flex": 1,
      },
      undefined,
    ]
  }
>
  <RNSScreenStack
    style={
      {
        "flex": 1,
      }
    }
  >
    <RNSScreen
      collapsable={false}
      forwardedRef={[Function]}
      gestureResponseDistance={
        {
          "bottom": -1,
          "end": -1,
          "start": -1,
          "top": -1,
        }
      }
      nativeBackButtonDismissalEnabled={false}
      onAppear={[Function]}
      onDisappear={[Function]}
      onDismissed={[Function]}
      onHeaderBackButtonClicked={[Function]}
      onNativeDismissCancelled={[Function]}
      onTransitionProgress={[Function]}
      onWillDisappear={[Function]}
      replaceAnimation="push"
      stackPresentation="push"
      style={
        {
          "bottom": 0,
          "left": 0,
          "position": "absolute",
          "right": 0,
          "top": 0,
        }
      }
      swipeDirection="horizontal"
    >
      <RNSScreenStackHeaderConfig
        backButtonInCustomView={false}
        backgroundColor="rgb(255, 255, 255)"
        color="rgb(0, 122, 255)"
        direction="ltr"
        disableBackButtonMenu={false}
        hidden={false}
        hideBackButton={false}
        largeTitleHideShadow={false}
        title="Honeywell"
        titleColor="rgb(28, 28, 30)"
        topInsetEnabled={false}
        translucent={false}
      />
      <View
        accessibilityElementsHidden={false}
        importantForAccessibility="auto"
        style={
          {
            "flex": 1,
            "flexDirection": "column-reverse",
          }
        }
      >
        <View
          style={
            [
              {
                "flex": 1,
              },
              {
                "backgroundColor": "rgb(242, 242, 242)",
              },
              undefined,
            ]
          }
        >
          <View
            style={
              {
                "alignItems": "center",
                "flex": 1,
                "justifyContent": "center",
                "padding": 50,
              }
            }
          >
            <View
              style={
                {
                  "alignItems": "center",
                  "flex": 1,
                  "flexDirection": "column",
                }
              }
            >
              <Image
                source={
                  {
                    "testUri": "../../../src/ImageCamera/assets/dummy.png",
                  }
                }
                style={
                  {
                    "alignItems": "center",
                    "height": 200,
                    "width": 200,
                  }
                }
              />
              <Text />
            </View>
            <View
              style={
                {
                  "flex": 1,
                  "flexDirection": "column",
                }
              }
            >
              <View
                accessibilityState={
                  {
                    "busy": undefined,
                    "checked": undefined,
                    "disabled": undefined,
                    "expanded": undefined,
                    "selected": undefined,
                  }
                }
                accessibilityValue={
                  {
                    "max": undefined,
                    "min": undefined,
                    "now": undefined,
                    "text": undefined,
                  }
                }
                accessible={true}
                collapsable={false}
                focusable={true}
                onBlur={[Function]}
                onClick={[Function]}
                onFocus={[Function]}
                onResponderGrant={[Function]}
                onResponderMove={[Function]}
                onResponderRelease={[Function]}
                onResponderTerminate={[Function]}
                onResponderTerminationRequest={[Function]}
                onStartShouldSetResponder={[Function]}
                style={
                  [
                    {
                      "backgroundColor": "#5A5A5A",
                    },
                    {
                      "alignItems": "center",
                      "borderRadius": 8,
                      "flex": 1,
                      "height": 50,
                      "justifyContent": "center",
                      "marginHorizontal": 8,
                      "marginVertical": 10,
                      "maxWidth": "100%",
                      "minWidth": "80%",
                    },
                  ]
                }
              >
                <Text
                  style={
                    {
                      "color": "white",
                      "fontSize": 18,
                      "textAlign": "center",
                    }
                  }
                >
                  Camera
                </Text>
              </View>
              <View
                accessibilityState={
                  {
                    "busy": undefined,
                    "checked": undefined,
                    "disabled": undefined,
                    "expanded": undefined,
                    "selected": undefined,
                  }
                }
                accessibilityValue={
                  {
                    "max": undefined,
                    "min": undefined,
                    "now": undefined,
                    "text": undefined,
                  }
                }
                accessible={true}
                collapsable={false}
                focusable={true}
                onBlur={[Function]}
                onClick={[Function]}
                onFocus={[Function]}
                onResponderGrant={[Function]}
                onResponderMove={[Function]}
                onResponderRelease={[Function]}
                onResponderTerminate={[Function]}
                onResponderTerminationRequest={[Function]}
                onStartShouldSetResponder={[Function]}
                style={
                  [
                    {
                      "backgroundColor": "#5A5A5A",
                    },
                    {
                      "alignItems": "center",
                      "borderRadius": 8,
                      "flex": 1,
                      "height": 50,
                      "justifyContent": "center",
                      "marginHorizontal": 8,
                      "marginVertical": 10,
                      "maxWidth": "100%",
                      "minWidth": "80%",
                    },
                  ]
                }
              >
                <Text
                  style={
                    {
                      "color": "white",
                      "fontSize": 18,
                      "textAlign": "center",
                    }
                  }
                >
                  Gallery
                </Text>
              </View>
              <View
                accessibilityState={
                  {
                    "busy": undefined,
                    "checked": undefined,
                    "disabled": undefined,
                    "expanded": undefined,
                    "selected": undefined,
                  }
                }
                accessibilityValue={
                  {
                    "max": undefined,
                    "min": undefined,
                    "now": undefined,
                    "text": undefined,
                  }
                }
                accessible={true}
                collapsable={false}
                focusable={true}
                onBlur={[Function]}
                onClick={[Function]}
                onFocus={[Function]}
                onResponderGrant={[Function]}
                onResponderMove={[Function]}
                onResponderRelease={[Function]}
                onResponderTerminate={[Function]}
                onResponderTerminationRequest={[Function]}
                onStartShouldSetResponder={[Function]}
                style={
                  [
                    {
                      "backgroundColor": "#5A5A5A",
                    },
                    {
                      "alignItems": "center",
                      "borderRadius": 8,
                      "flex": 1,
                      "height": 50,
                      "justifyContent": "center",
                      "marginHorizontal": 8,
                      "marginVertical": 10,
                      "maxWidth": "100%",
                      "minWidth": "80%",
                    },
                  ]
                }
              >
                <Text
                  style={
                    {
                      "color": "white",
                      "fontSize": 18,
                      "textAlign": "center",
                    }
                  }
                >
                  File Manager
                </Text>
              </View>
              <View
                accessibilityState={
                  {
                    "busy": undefined,
                    "checked": undefined,
                    "disabled": undefined,
                    "expanded": undefined,
                    "selected": undefined,
                  }
                }
                accessibilityValue={
                  {
                    "max": undefined,
                    "min": undefined,
                    "now": undefined,
                    "text": undefined,
                  }
                }
                accessible={true}
                collapsable={false}
                focusable={true}
                onBlur={[Function]}
                onClick={[Function]}
                onFocus={[Function]}
                onResponderGrant={[Function]}
                onResponderMove={[Function]}
                onResponderRelease={[Function]}
                onResponderTerminate={[Function]}
                onResponderTerminationRequest={[Function]}
                onStartShouldSetResponder={[Function]}
                style={
                  [
                    {
                      "backgroundColor": "#5A5A5A",
                    },
                    {
                      "alignItems": "center",
                      "borderRadius": 8,
                      "flex": 1,
                      "height": 50,
                      "justifyContent": "center",
                      "marginHorizontal": 8,
                      "marginVertical": 10,
                      "maxWidth": "100%",
                      "minWidth": "80%",
                    },
                  ]
                }
              >
                <Text
                  style={
                    {
                      "color": "white",
                      "fontSize": 18,
                      "textAlign": "center",
                    }
                  }
                >
                  Upload
                </Text>
              </View>
            </View>
          </View>
        </View>
      </View>
    </RNSScreen>
  </RNSScreenStack>
</RNCSafeAreaProvider>
`;
